// Jest Snapshot v1, https://goo.gl/fbAQLP

exports[`Test in <SearchPage/> should show correctly and return default values 1`] = `
<div>
  <h1>
    Search
  </h1>
  <hr />
  <div
    class="row"
  >
    <div
      class="col-5"
    >
      <h4>
        Searching
      </h4>
      <hr />
      <form>
        <input
          autocomplete="off"
          class="form-control"
          data-testid="test-input-value"
          name="searchText"
          placeholder="Search a hero"
          type="text"
          value=""
        />
        <button
          class="btn btn-outline-primary mt-1"
          data-testid="on-submit-click"
          type="submit"
        >
          Search
        </button>
      </form>
    </div>
    <div
      class="col-7"
    >
      <h4>
        Results
      </h4>
      <hr />
      <div
        class="alert alert-primary animate__animated animate__fadeIn"
      >
        Search a hero
      </div>
      <div
        class="alert alert-danger animate__animated animate__fadeIn"
        data-testid="test-alert"
        role="alert"
        style="display: none;"
      >
        No hero with 
        <b />
      </div>
    </div>
  </div>
</div>
`;
